// Jest Snapshot v1, https://goo.gl/fbAQLP

exports[`BarrelGenerator should generate 1`] = `
"/**
 * This file is generated by the openapi-ts-generator
 * #generate-barrel-ts.hbs
 * For issues or feature request, visit the repo: https://github.com/ikemtz/openapi-ts-generator
 * Do not edit.
 */
/* tslint:disable */
"
`;

exports[`BarrelGenerator should handle exceptions 1`] = `
Array [
  "Error executing template: C:\\\\Repos\\\\openapi-ts-generator\\\\src\\\\templates/index.ts.hbs.",
  "This is likely an issue with the template.",
  "Data: {\\"fileNames\\":[]}",
  "Goto: https://github.com/ikemtz/openapi-ts-generator to report an issue if necessary.",
  [Error: This error is to validate unit tests.],
]
`;
