// Jest Snapshot v1, https://goo.gl/fbAQLP

exports[`IUnit should be correct 1`] = `
"/**
 * This file is generated by the openapi-ts-generator
 * #generate-model-ts.hbs
 * For issues or feature request, visit the repo: https://github.com/ikemtz/openapi-ts-generator
 * Do not edit.
 */
 // tslint:disable: array-type
 
import { IBuilding } from './building.model';
import { ISite } from './site.model';
import { IUnitTag } from './unit-tag.model';
import { IUnitType } from './unit-type.model';

export interface IUnit {
    building?: IBuilding;
    buildingId?: string;
    createdBy?: string;
    createdOnUtc?: Date;
    id?: string;
    isEnabled?: boolean;
    number?: string;
    site?: ISite;
    siteId?: string;
    unitTags?: Array<IUnitTag>;
    unitTypeId?: string;
    unitTypeName?: string;
    unitTypes?: IUnitType;
    updatedBy?: string;
    updatedOnUtc?: Date;
}

export enum UnitProperties {
    BUILDING = 'building',
    BUILDING_ID = 'buildingId',
    CREATED_BY = 'createdBy',
    CREATED_ON_UTC = 'createdOnUtc',
    ID = 'id',
    IS_ENABLED = 'isEnabled',
    NUMBER = 'number',
    SITE = 'site',
    SITE_ID = 'siteId',
    UNIT_TAGS = 'unitTags',
    UNIT_TYPE_ID = 'unitTypeId',
    UNIT_TYPE_NAME = 'unitTypeName',
    UNIT_TYPES = 'unitTypes',
    UPDATED_BY = 'updatedBy',
    UPDATED_ON_UTC = 'updatedOnUtc',
}
"
`;
