// Jest Snapshot v1, https://goo.gl/fbAQLP

exports[`IAggregatedWorkModel should be correct 1`] = `
"/**
 * This file is generated by the openapi-ts-generator
 * #generate-model-ts.hbs
 * For issues or feature request, visit the repo: https://github.com/ikemtz/openapi-ts-generator
 * Do not edit.
 */
 // tslint:disable: array-type
 
import { DayOfWeek } from './day-of-week.enum';

export interface IAggregatedWorkModel {
    createdBy?: string;
    createdOnUtc?: Date;
    dayOfWeek?: DayOfWeek;
    id?: string;
    metric?: number;
    modelName?: string;
    siteCollectionId?: string;
    siteCollectionNumber?: string;
    tenantId?: string;
    updatedBy?: string;
    updatedOnUtc?: Date;
    weekOfYear?: number;
    workDate?: Date;
    workType?: string;
    year?: number;
}

export enum AggregatedWorkModelProperties {
    CREATED_BY = 'createdBy',
    CREATED_ON_UTC = 'createdOnUtc',
    DAY_OF_WEEK = 'dayOfWeek',
    ID = 'id',
    METRIC = 'metric',
    MODEL_NAME = 'modelName',
    SITE_COLLECTION_ID = 'siteCollectionId',
    SITE_COLLECTION_NUMBER = 'siteCollectionNumber',
    TENANT_ID = 'tenantId',
    UPDATED_BY = 'updatedBy',
    UPDATED_ON_UTC = 'updatedOnUtc',
    WEEK_OF_YEAR = 'weekOfYear',
    WORK_DATE = 'workDate',
    WORK_TYPE = 'workType',
    YEAR = 'year',
}
"
`;
