// Jest Snapshot v1, https://goo.gl/fbAQLP

exports[`CompetencyFormGroupFac should be correct 1`] = `
"/**
 * This file is generated by the openapi-ts-generator
 * #form-group-factory-ts.hbs
 * For issues or feature request, visit the repo: https://github.com/ikemtz/openapi-ts-generator
 * Do not edit.
 */
import { FormControl, FormGroup, Validators } from '@angular/forms';
export function CompetencyFormGroupFac(): FormGroup {
  return new FormGroup({
    id: new FormControl(''),
    isEnabled: new FormControl(''),
    name: new FormControl(''),
  });
};
"
`;
